// Jest Snapshot v1, https://goo.gl/fbAQLP

exports[`renders children if no error happened 1`] = `
<div>
  a child component
</div>
`;
