// Jest Snapshot v1, https://goo.gl/fbAQLP

exports[`renders with minimal props 1`] = `
<div>
  Loading
</div>
`;
